vite v5.4.21 building for production...
transforming...
Γ£ô 16 modules transformed.
node.exe : x Build failed 
in 1.24s
At C:\Program 
Files\nodejs\npx.ps1:29 
char:3
+   & $NODE_EXE 
$NPX_CLI_JS $args
+   ~~~~~~~~~~~~~~~~~~~~~~
~~~~~~~
    + CategoryInfo        
      : NotSpecified: (x  
   Build failed in 1.24   
 s:String) [], RemoteE    
xception
    + FullyQualifiedError 
   Id : NativeCommandErr  
  or
 
error during build:
[vite:esbuild] Transform 
failed with 1 error:
C:/Users/mohanteja/OneDriv
e/Desktop/NearMeds/src/pag
es/TrafficPoliceDashboard.
jsx:98:20: ERROR: Syntax 
error "`"
file: C:/Users/mohanteja/O
neDrive/Desktop/NearMeds/s
rc/pages/TrafficPoliceDash
board.jsx:98:20

Syntax error "`"
96 |          // Initial 
Alert
97 |          setAlert({
98 |            message: 
\`Ambulance dispatched 
from \${data.hospitalName 
|| 'a hospital'}! 
Preparing route 
clearance.\`,
   |                      
^
99 |            type: 
'warning'
100|          });

    at 
failureErrorWithLog (C:\Us
ers\mohanteja\OneDrive\Des
ktop\NearMeds\node_modules
\esbuild\lib\main.js:1472:
15)
    at C:\Users\mohanteja\
OneDrive\Desktop\NearMeds\
node_modules\esbuild\lib\m
ain.js:755:50
    at responseCallbacks.<
computed> (C:\Users\mohant
eja\OneDrive\Desktop\NearM
eds\node_modules\esbuild\l
ib\main.js:622:9)
    at 
handleIncomingPacket (C:\U
sers\mohanteja\OneDrive\De
sktop\NearMeds\node_module
s\esbuild\lib\main.js:677:
12)
    at 
Socket.readFromStdout (C:\
Users\mohanteja\OneDrive\D
esktop\NearMeds\node_modul
es\esbuild\lib\main.js:600
:7)
    at Socket.emit 
(node:events:518:28)
    at addChunk (node:inte
rnal/streams/readable:561:
12)
    at readableAddChunkPus
hByteMode (node:internal/s
treams/readable:512:3)
    at Readable.push (node
:internal/streams/readable
:392:5)
    at Pipe.onStreamRead (
node:internal/stream_base_
commons:189:23)
